[kondangan.xyz/nama/v16596.html]
[backblue.gif]
[fade.gif]
[index.html]
[kit.fontawesome.com/073a6fcb7a.js]
[desainhd.com/wp-content/plugins/addon-elements-for-elementor-page-builder/assets/css/eae.min8392.css]
[desainhd.com/wp-content/plugins/elementor/assets/lib/font-awesome/css/v4-shims.min5152.css]
[desainhd.com/wp-content/plugins/elementor/assets/lib/font-awesome/css/all.min5152.css]
[desainhd.com/wp-content/plugins/addon-elements-for-elementor-page-builder/assets/lib/vegas/vegas.min8d5a.css]
[desainhd.com/wp-content/plugins/weddingpress/addons/comment-kit/css/wdp_styled537.css]
[desainhd.com/wp-content/plugins/weddingpress/assets/css/wdp-centered-timeline.min6a4d.css]
[desainhd.com/wp-content/plugins/weddingpress/assets/css/wdp-horizontal-styles.min6a4d.css]
[desainhd.com/wp-content/plugins/weddingpress/assets/css/wdp-fontello6a4d.css]
[desainhd.com/wp-content/plugins/weddingpress/assets/css/exad-styles.min6a4d.css]
[desainhd.com/wp-content/themes/twentytwentytwo/style4e44.css]
[desainhd.com/wp-content/plugins/elementor/assets/lib/eicons/css/elementor-icons.min91ce.css]
[desainhd.com/wp-content/plugins/elementor/assets/css/frontend-lite.min7e2e.css]
[desainhd.com/wp-content/uploads/elementor/css/post-9ff36.css]
[desainhd.com/wp-content/plugins/weddingpress/assets/css/wdp41fe.css]
[desainhd.com/wp-content/plugins/weddingpress/assets/css/guest-book41fe.css]
[desainhd.com/wp-content/plugins/elementor-pro/assets/css/frontend-lite.min1ac1.css]
[desainhd.com/wp-content/plugins/landingstar-wedding/assets/css/landingstarwedding077c.css]
[desainhd.com/wp-content/uploads/elementor/css/global38cb.css]
[desainhd.com/wp-content/uploads/elementor/css/post-84517d7.css]
[desainhd.com/wp-content/plugins/elementor/assets/lib/font-awesome/css/fontawesome.min52d5.css]
[desainhd.com/wp-content/plugins/elementor/assets/lib/font-awesome/css/regular.min52d5.css]
[desainhd.com/wp-content/plugins/elementor/assets/lib/font-awesome/css/solid.min52d5.css]
[desainhd.com/wp-content/plugins/elementor/assets/lib/font-awesome/css/brands.min52d5.css]
[desainhd.com/wp-includes/js/jquery/jquery.mina7a0.js]
[desainhd.com/wp-includes/js/jquery/jquery-migrate.mind617.js]
[desainhd.com/wp-content/uploads/2022/08/ajgjsgs.png]
[desainhd.com/wp-content/uploads/2022/09/BASMALAH-puth.png]
[desainhd.com/wp-content/uploads/2022/08/dgdgdd.png]
[desainhd.com/wp-content/uploads/2022/08/ddd-1.png]
[desainhd.com/wp-content/uploads/2022/08/ICON-22-2.png]
[desainhd.com/wp-content/plugins/elementor/assets/css/widget-icon-list.min.css]
[desainhd.com/wp-content/uploads/2022/08/YI-0839.jpg]
[desainhd.com/wp-content/uploads/2022/08/YI-0837.jpg]
[desainhd.com/wp-content/uploads/2022/08/YI-0867-2.jpg]
[desainhd.com/wp-content/uploads/2022/08/YI-0869-2.jpg]
[desainhd.com/wp-content/uploads/2022/08/YI-0880-1.jpg]
[desainhd.com/wp-content/uploads/2022/08/YI-0884.jpg]
[desainhd.com/wp-content/uploads/2022/08/YI-0835.jpg]
[desainhd.com/wp-content/uploads/2022/08/YI-0833-2.jpg]
[desainhd.com/wp-content/uploads/2022/08/YI-0872-1.jpg]
[desainhd.com/wp-content/uploads/2022/08/YI-0525.jpg.jpg]
[desainhd.com/wp-content/uploads/2022/08/01-14-1-1.png]
[desainhd.com/wp-content/uploads/2022/08/04-15-1.png]
[desainhd.com/wp-content/uploads/2022/08/06-3-1.png]
[desainhd.com/wp-content/uploads/2022/08/05-10-1.png]
[desainhd.com/wp-content/uploads/2022/08/03-9-1.png]
[desainhd.com/wp-content/uploads/2022/08/02-15-1-1.png]
[desainhd.com/wp-content/uploads/2022/08/logo-bcapng-32694.png]
[desainhd.com/wp-content/plugins/elementor/assets/lib/e-gallery/css/e-gallery.min7359.css]
[desainhd.com/wp-content/plugins/elementor/assets/lib/animations/animations.min7e2e.css]
[desainhd.com/wp-content/plugins/addon-elements-for-elementor-page-builder/assets/js/eae.min8392.js]
[desainhd.com/wp-content/plugins/elementor/assets/lib/font-awesome/js/v4-shims.min5152.js]
[desainhd.com/wp-content/plugins/addon-elements-for-elementor-page-builder/assets/js/animated-main.min5152.js]
[desainhd.com/wp-content/plugins/addon-elements-for-elementor-page-builder/assets/js/particles.min001e.js]
[desainhd.com/wp-content/plugins/addon-elements-for-elementor-page-builder/assets/lib/magnific.minf488.js]
[desainhd.com/wp-content/plugins/addon-elements-for-elementor-page-builder/assets/lib/vegas/vegas.min8d5a.js]
[desainhd.com/wp-content/plugins/weddingpress/addons/comment-kit/js/wdp_scriptd537.js]
[desainhd.com/wp-content/plugins/weddingpress/addons/comment-kit/js/libs/jquery.jPages.minac14.js]
[desainhd.com/wp-content/plugins/weddingpress/addons/comment-kit/js/libs/jquery.textareaCounterd5f7.js]
[desainhd.com/wp-content/plugins/weddingpress/addons/comment-kit/js/libs/jquery.placeholder.min5d0a.js]
[desainhd.com/wp-content/plugins/weddingpress/addons/comment-kit/js/libs/autosize.mind50e.js]
[desainhd.com/wp-content/plugins/weddingpress/assets/js/wdp-swiper.min.js]
[desainhd.com/wp-content/plugins/weddingpress/assets/js/qr-code.js]
[desainhd.com/wp-content/plugins/weddingpress/assets/js/wdp-horizontal.js]
[desainhd.com/wp-content/plugins/weddingpress/assets/js/exad-scripts.min41fe.js]
[desainhd.com/wp-content/plugins/elementor/assets/lib/e-gallery/js/e-gallery.min7359.js]
[desainhd.com/wp-content/plugins/elementor-pro/assets/js/webpack-pro.runtime.min1ac1.js]
[desainhd.com/wp-content/plugins/elementor/assets/js/webpack.runtime.min7e2e.js]
[desainhd.com/wp-content/plugins/elementor/assets/js/frontend-modules.min7e2e.js]
[desainhd.com/wp-includes/js/dist/vendor/regenerator-runtime.min3937.js]
[desainhd.com/wp-includes/js/dist/vendor/wp-polyfill.min2c7c.js]
[desainhd.com/wp-includes/js/dist/hooks.min6c65.js]
[desainhd.com/wp-includes/js/dist/i18n.mine57b.js]
[desainhd.com/wp-content/plugins/elementor-pro/assets/js/frontend.min1ac1.js]
[desainhd.com/wp-content/plugins/elementor/assets/lib/waypoints/waypoints.min05da.js]
[desainhd.com/wp-includes/js/jquery/ui/core.min3f14.js]
[desainhd.com/wp-content/plugins/elementor/assets/js/frontend.min7e2e.js]
[desainhd.com/wp-content/plugins/elementor-pro/assets/js/elements-handlers.min1ac1.js]
[desainhd.com/wp-content/plugins/elementor-pro/assets/lib/sticky/jquery.sticky.min1ac1.js]
[desainhd.com/wp-content/plugins/weddingpress/assets/js/wdp.min41fe.js]
[desainhd.com/wp-content/plugins/weddingpress/assets/js/guest-form41fe.js]
[kondangan.xyz/nama/v16596.html]
[desainhd.com/wp-content/plugins/landingstar-wedding/assets/js/landingstarwedding.min077c.js]
[desainhd.com/wp-content/plugins/addon-elements-for-elementor-page-builder/assets/css/eae.min8392.css]
[desainhd.com/wp-content/plugins/elementor/assets/lib/font-awesome/css/v4-shims.min5152.css]
[desainhd.com/wp-content/plugins/elementor/assets/lib/font-awesome/css/all.min5152.css]
[desainhd.com/wp-content/plugins/addon-elements-for-elementor-page-builder/assets/lib/vegas/vegas.min8d5a.css]
[desainhd.com/wp-content/plugins/weddingpress/addons/comment-kit/css/fonts/wdpfont7137.eot]
[desainhd.com/wp-content/plugins/weddingpress/addons/comment-kit/css/fonts/wdpfont7137.ttf]
[desainhd.com/wp-content/plugins/weddingpress/addons/comment-kit/css/fonts/wdpfont7137.woff]
[desainhd.com/wp-content/plugins/weddingpress/addons/comment-kit/css/fonts/wdpfont7137.svg]
[desainhd.com/wp-content/plugins/weddingpress/addons/comment-kit/css/wdp_styled537.css]
[desainhd.com/wp-content/plugins/weddingpress/addons/comment-kit/css/images/modal_x.png]
[desainhd.com/wp-content/plugins/weddingpress/assets/css/wdp-centered-timeline.min6a4d.css]
[desainhd.com/wp-content/plugins/weddingpress/assets/css/wdp-horizontal-styles.min6a4d.css]
[desainhd.com/wp-content/plugins/weddingpress/assets/css/wdp-fontello6a4d.css]
[desainhd.com/wp-content/plugins/weddingpress/assets/css/exad-styles.min6a4d.css]
[desainhd.com/wp-content/themes/twentytwentytwo/style4e44.css]
[desainhd.com/wp-content/plugins/elementor/assets/lib/eicons/css/elementor-icons.min91ce.css]
[desainhd.com/wp-content/plugins/elementor/assets/css/frontend-lite.min7e2e.css]
[desainhd.com/wp-content/uploads/elementor/css/post-9ff36.css]
[desainhd.com/wp-content/plugins/weddingpress/assets/css/wdp41fe.css]
[desainhd.com/wp-content/plugins/weddingpress/assets/css/guest-book41fe.css]
[desainhd.com/wp-content/plugins/elementor-pro/assets/css/frontend-lite.min1ac1.css]
[desainhd.com/wp-content/plugins/landingstar-wedding/assets/css/landingstarwedding077c.css]
[desainhd.com/wp-content/uploads/elementor/css/global38cb.css]
[desainhd.com/wp-content/uploads/2022/08/gdgd-1-scaled-1.jpg]
[desainhd.com/wp-content/uploads/2022/08/bchfh-scaled-1.jpg]
[desainhd.com/wp-content/uploads/2022/08/bccbbbbb-1-scaled-1.jpg]
[desainhd.com/wp-content/uploads/2022/08/cvbb-scaled-1-1.jpg]
[senimenikah.xyz/wp-content/uploads/2021/12/bccbbbbb-scaled.jpg]
[desainhd.com/wp-content/uploads/elementor/css/post-84517d7.css]
[desainhd.com/wp-content/plugins/elementor/assets/lib/font-awesome/css/fontawesome.min52d5.css]
[desainhd.com/wp-content/plugins/elementor/assets/lib/font-awesome/css/regular.min52d5.css]
[desainhd.com/wp-content/plugins/elementor/assets/lib/font-awesome/css/solid.min52d5.css]
[desainhd.com/wp-content/plugins/elementor/assets/lib/font-awesome/css/brands.min52d5.css]
[desainhd.com/wp-content/plugins/elementor/assets/css/widget-icon-list.min.css]
[desainhd.com/wp-content/plugins/elementor/assets/lib/e-gallery/css/e-gallery.min7359.css]
[desainhd.com/wp-content/plugins/elementor/assets/lib/animations/animations.min7e2e.css]
[desainhd.com/wp-content/plugins/addon-elements-for-elementor-page-builder/assets/css/arrow-left.svg]
[desainhd.com/wp-content/plugins/addon-elements-for-elementor-page-builder/assets/css/arrow-right.svg]
[desainhd.com/wp-content/plugins/weddingpress/addons/comment-kit/css/fonts/wdpfont7137.svg]
